\BOOKMARK [1][-]{section.1}{\376\377\000I\000n\000t\000r\000o\000d\000u\000c\000t\000i\000o\000n}{}% 1
\BOOKMARK [1][-]{section.2}{\376\377\000C\000r\000e\000a\000t\000i\000o\000n\000\040\000d\000'\000u\000n\000\040\000m\000a\000s\000q\000u\000e\000\040\000t\000e\000m\000p\000s\000-\000f\000r\000e\000q\000u\000e\000n\000c\000e\000\040}{}% 2
\BOOKMARK [2][-]{subsection.2.1}{\376\377\000R\000e\000p\000r\000e\000s\000e\000n\000t\000a\000t\000i\000o\000n\000\040\000t\000e\000m\000p\000s\000-\000f\000r\000e\000q\000u\000e\000n\000c\000e\000\040\000m\000u\000l\000t\000i\000c\000a\000n\000a\000l\000e}{section.2}% 3
\BOOKMARK [2][-]{subsection.2.2}{\376\377\000U\000t\000i\000l\000i\000s\000a\000t\000i\000o\000n\000\040\000d\000'\000u\000n\000\040\000r\000\351\000s\000e\000a\000u\000\040\000d\000e\000\040\000n\000e\000u\000r\000o\000n\000n\000e\000s}{section.2}% 4
\BOOKMARK [1][-]{section.3}{\376\377\000S\000e\000p\000a\000r\000a\000t\000i\000o\000n\000\040\000d\000e\000\040\000s\000o\000u\000r\000c\000e\000s\000\040\000d\000a\000n\000s\000\040\000l\000e\000\040\000m\000a\000s\000q\000u\000e\000\040\000t\000e\000m\000p\000s\000-\000f\000r\000e\000q\000u\000e\000n\000c\000e}{}% 5
\BOOKMARK [2][-]{subsection.3.1}{\376\377\000P\000r\000\351\000l\000i\000m\000i\000n\000a\000i\000r\000e\000s}{section.3}% 6
\BOOKMARK [3][-]{subsubsection.3.1.1}{\376\377\000H\000y\000p\000o\000t\000h\000e\000s\000e\000\040\000d\000e\000\040\000p\000a\000r\000c\000i\000m\000o\000n\000i\000e\000\040\000l\000o\000c\000a\000l\000e}{subsection.3.1}% 7
\BOOKMARK [3][-]{subsubsection.3.1.2}{\376\377\000J\000u\000s\000t\000i\000f\000i\000c\000a\000t\000i\000o\000n\000\040\000d\000e\000\040\000l\000a\000\040\000f\000o\000r\000m\000e\000\040\000d\000e\000s\000\040\000b\000i\000n\000s}{subsection.3.1}% 8
\BOOKMARK [3][-]{subsubsection.3.1.3}{\376\377\000N\000o\000r\000m\000a\000l\000i\000s\000a\000t\000i\000o\000n\000\040\000d\000e\000s\000\040\000o\000b\000s\000e\000r\000v\000a\000t\000i\000o\000n\000s}{subsection.3.1}% 9
\BOOKMARK [3][-]{subsubsection.3.1.4}{\376\377\000M\000a\000s\000q\000u\000e\000\040\000t\000e\000m\000p\000s\000-\000f\000r\000e\000q\000u\000e\000n\000c\000e\000\040\000p\000a\000r\000\040\000d\000e\000f\000a\000u\000t\000\040\000s\000a\000n\000s\000\040\000r\000e\000s\000e\000a\000u\000\040\000d\000e\000\040\000n\000e\000u\000r\000o\000n\000n\000e}{subsection.3.1}% 10
\BOOKMARK [2][-]{subsection.3.2}{\376\377\000A\000l\000g\000o\000r\000i\000t\000h\000m\000e\000\040\000d\000e\000\040\000S\000A\000W\000A\000D\000A}{section.3}% 11
\BOOKMARK [3][-]{subsubsection.3.2.1}{\376\377\000C\000l\000u\000s\000t\000e\000r\000i\000n\000g\000\040\000E\000M\000\040\000p\000a\000r\000\040\000f\000r\000e\000q\000u\000e\000n\000c\000e}{subsection.3.2}% 12
\BOOKMARK [3][-]{subsubsection.3.2.2}{\376\377\000E\000t\000a\000p\000e\000\040\000E}{subsection.3.2}% 13
\BOOKMARK [3][-]{subsubsection.3.2.3}{\376\377\000E\000t\000a\000p\000e\000\040\000M}{subsection.3.2}% 14
\BOOKMARK [3][-]{subsubsection.3.2.4}{\376\377\000C\000o\000n\000s\000t\000r\000u\000c\000t\000i\000o\000n\000\040\000d\000e\000s\000\040\000m\000a\000s\000q\000u\000e\000s\000\040\000d\000e\000\040\000c\000l\000u\000s\000t\000e\000r\000s}{subsection.3.2}% 15
\BOOKMARK [2][-]{subsection.3.3}{\376\377\000A\000s\000s\000i\000g\000n\000a\000t\000i\000o\000n\000\040\000d\000e\000s\000\040\000c\000l\000u\000s\000t\000e\000r\000s\000\040\000\340\000\040\000l\000'\000u\000n\000e\000\040\000d\000e\000s\000\040\000s\000o\000u\000r\000c\000e\000s}{section.3}% 16
\BOOKMARK [3][-]{subsubsection.3.3.1}{\376\377\000M\000o\000t\000i\000v\000a\000t\000i\000o\000n}{subsection.3.3}% 17
\BOOKMARK [3][-]{subsubsection.3.3.2}{\376\377\000A\000l\000i\000g\000n\000e\000m\000e\000n\000t\000\040\000p\000a\000r\000\040\000c\000o\000r\000r\000e\000l\000a\000t\000i\000o\000n\000\040\000d\000'\000e\000n\000v\000e\000l\000o\000p\000p\000e\000s}{subsection.3.3}% 18
\BOOKMARK [3][-]{subsubsection.3.3.3}{\376\377\000R\000A\000N\000S\000A\000C\000\040\000c\000i\000r\000c\000u\000l\000a\000i\000r\000e}{subsection.3.3}% 19
\BOOKMARK [2][-]{subsection.3.4}{\376\377\000F\000u\000s\000i\000o\000n\000\040\000f\000i\000n\000a\000l\000e\000\040\000d\000e\000s\000\040\000m\000a\000s\000q\000u\000e\000s}{section.3}% 20
\BOOKMARK [1][-]{section.4}{\376\377\000C\000a\000l\000c\000u\000l\000\040\000d\000e\000s\000\040\000T\000D\000O\000A\000\040\000a\000\040\000p\000a\000r\000t\000i\000r\000\040\000d\000e\000s\000\040\000b\000i\000n\000s\000\040\000i\000s\000o\000l\000e\000s}{}% 21
\BOOKMARK [2][-]{subsection.4.1}{\376\377\000B\000e\000a\000m\000f\000o\000r\000m\000i\000n\000g\000\040\000m\000a\000s\000q\000u\000e}{section.4}% 22
\BOOKMARK [1][-]{section.5}{\376\377\000V\000a\000l\000i\000d\000a\000t\000i\000o\000n\000\040\000s\000u\000r\000\040\000u\000n\000\040\000d\000a\000t\000a\000s\000e\000t\000\040\000s\000y\000n\000t\000h\000\351\000t\000i\000q\000u\000e}{}% 23
\BOOKMARK [2][-]{subsection.5.1}{\376\377\000V\000a\000l\000i\000d\000a\000t\000i\000o\000n\000\040\000d\000e\000\040\000l\000a\000\040\000s\000e\000p\000a\000r\000a\000t\000i\000o\000n\000\040\000d\000e\000\040\000s\000o\000u\000r\000c\000e\000s}{section.5}% 24
\BOOKMARK [3][-]{subsubsection.5.1.1}{\376\377\000C\000r\000e\000a\000t\000i\000o\000n\000\040\000d\000e\000s\000\040\000s\000i\000g\000n\000a\000u\000x\000\040\000s\000y\000n\000t\000h\000e\000t\000i\000q\000u\000e\000s}{subsection.5.1}% 25
\BOOKMARK [3][-]{subsubsection.5.1.2}{\376\377\000E\000v\000a\000l\000u\000a\000t\000i\000o\000n\000\040\000d\000e\000\040\000l\000a\000\040\000s\000e\000p\000a\000r\000a\000t\000i\000o\000n}{subsection.5.1}% 26
\BOOKMARK [3][-]{subsubsection.5.1.3}{\376\377\000S\000o\000u\000r\000c\000e\000\040\000d\000'\000e\000r\000r\000e\000u\000r\000s}{subsection.5.1}% 27
\BOOKMARK [2][-]{subsection.5.2}{\376\377\000V\000a\000l\000i\000d\000a\000t\000i\000o\000n\000\040\000d\000u\000\040\000b\000e\000a\000m\000f\000o\000r\000m\000i\000n\000g}{section.5}% 28
\BOOKMARK [1][-]{section.6}{\376\377\000C\000o\000n\000c\000l\000u\000s\000i\000o\000n}{}% 29
\BOOKMARK [1][-]{section.A}{\376\377\000D\000e\000m\000o\000n\000s\000t\000r\000a\000t\000i\000o\000n\000s\000\040\000d\000e\000s\000\040\000m\000i\000s\000e\000s\000\040\000a\000\040\000j\000o\000u\000r\000\040\000E\000M}{}% 30
\BOOKMARK [2][-]{subsection.A.1}{\376\377\000M\000i\000s\000e\000\040\000a\000\040\000j\000o\000u\000r\000\040\000d\000e\000s\000\040\000p\000o\000i\000d\000s}{section.A}% 31
\BOOKMARK [2][-]{subsection.A.2}{\376\377\000M\000i\000s\000e\000\040\000a\000\040\000j\000o\000u\000r\000\040\000d\000u\000\040\000c\000e\000n\000t\000r\000o\000\357\000d\000e}{section.A}% 32
\BOOKMARK [2][-]{subsection.A.3}{\376\377\000M\000i\000s\000e\000\040\000a\000\040\000j\000o\000u\000r\000\040\000d\000e\000\040\000l\000a\000\040\000v\000a\000r\000i\000a\000n\000c\000e}{section.A}% 33
