This is pdfTeX, Version 3.141592653-2.6-1.40.29 (MiKTeX 26.5) (preloaded format=pdflatex 2026.6.4)  25 AUG 2026 12:05
entering extended mode
 restricted \write18 enabled.
 file:line:error style messages enabled.
 %&-line parsing enabled.
**"c:/Users/BORDERIES/Desktop/Cours/Stage canada/Beluga/Rapport/main.tex"
(c:/Users/BORDERIES/Desktop/Cours/Stage canada/Beluga/Rapport/main.tex
LaTeX2e <2025-11-01>
L3 programming layer <2026-04-28>
(C:\Users\BORDERIES\AppData\Local\Programs\MiKTeX\tex/latex/base\article.cls
Document Class: article 2025/01/22 v1.4n Standard LaTeX document class
(C:\Users\BORDERIES\AppData\Local\Programs\MiKTeX\tex/latex/base\size11.clo
File: size11.clo 2025/01/22 v1.4n Standard LaTeX file (size option)
)
\c@part=\count276
\c@section=\count277
\c@subsection=\count278
\c@subsubsection=\count279
\c@paragraph=\count280
\c@subparagraph=\count281
\c@figure=\count282
\c@table=\count283
\abovecaptionskip=\skip49
\belowcaptionskip=\skip50
\bibindent=\dimen150
) (C:\Users\BORDERIES\AppData\Local\Programs\MiKTeX\tex/latex/base\inputenc.sty
Package: inputenc 2024/02/08 v1.3d Input encoding file
\inpenc@prehook=\toks17
\inpenc@posthook=\toks18
) (C:\Users\BORDERIES\AppData\Local\Programs\MiKTeX\tex/latex/base\fontenc.sty
Package: fontenc 2025/07/18 v2.1d Standard LaTeX package
) (C:\Users\BORDERIES\AppData\Local\Programs\MiKTeX\tex/generic/babel\babel.sty
Package: babel 2026/05/20 v26.8 The multilingual framework for LuaLaTeX, pdfLaTeX and XeLaTeX
\babel@savecnt=\count284
LaTeX Encoding Info:    Redeclaring text command \ij (encoding OT1) on input line 2084.
LaTeX Encoding Info:    Redeclaring text command \IJ (encoding OT1) on input line 2086.
LaTeX Encoding Info:    Redeclaring text command \ij (encoding T1) on input line 2088.
LaTeX Encoding Info:    Redeclaring text command \IJ (encoding T1) on input line 2089.
LaTeX Encoding Info:    Ignoring declaration for text command \ij (encoding ?) on input line 2090.
LaTeX Encoding Info:    Ignoring declaration for text command \IJ (encoding ?) on input line 2092.
LaTeX Encoding Info:    Ignoring declaration for text command \SS (encoding ?) on input line 2117.
\U@D=\dimen151
\l@unhyphenated=\language79
 (C:\Users\BORDERIES\AppData\Local\Programs\MiKTeX\tex/generic/babel\txtbabel.def)
\bbl@readstream=\read2
\bbl@dirlevel=\count285
Package babel Info: Configuration files are deprecated, as
(babel)             they can break document portability.
(babel)             Reported on input line 4228.

*************************************
* Local config file bblopts.cfg used
*
(C:\Users\BORDERIES\AppData\Local\Programs\MiKTeX\tex/latex/arabi\bblopts.cfg
File: bblopts.cfg 2005/09/08 v0.1 add Arabic and Farsi to "declared" options of babel
) (C:\Users\BORDERIES\AppData\Local\Programs\MiKTeX\tex/generic/babel/locale/fr\babel-french.tex)
Package babel Info: Importing font and identification data for french
(babel)             from babel-fr.ini. Reported on input line 4356.
 (C:\Users\BORDERIES\AppData\Local\Programs\MiKTeX\tex/generic/babel-french\french.ldf
Language: french 2025-08-15 v4.0e French support from the babel system
 (C:\Users\BORDERIES\AppData\Local\Programs\MiKTeX\tex/generic/babel-french\french3.ldf
Language: french 2025-08-15 v3.7e French support from the babel system
\FB@stdchar=\count286
Package babel Info: Making : an active character on input line 273.
Package babel Info: Making ; an active character on input line 274.
Package babel Info: Making ! an active character on input line 275.
Package babel Info: Making ? an active character on input line 276.
\FBguill@level=\count287
\FBold@everypar=\toks19
\FB@Mht=\dimen152
\mc@charclass=\count288
\mc@charfam=\count289
\mc@charslot=\count290
\std@mcc=\count291
\dec@mcc=\count292
\FB@pardim=\dimen153
\listindentFB=\dimen154
\descindentFB=\dimen155
\labelindentFB=\dimen156
\labelwidthFB=\dimen157
\leftmarginFB=\dimen158
\parindentFFN=\dimen159
\FBfnindent=\dimen160
))) (C:\Users\BORDERIES\AppData\Local\Programs\MiKTeX\tex/latex/carlisle\scalefnt.sty) (C:\Users\BORDERIES\AppData\Local\Programs\MiKTeX\tex/latex/lm\lmodern.sty
Package: lmodern 2015/05/01 v1.6.1 Latin Modern Fonts
LaTeX Font Info:    Overwriting symbol font `operators' in version `normal'
(Font)                  OT1/cmr/m/n --> OT1/lmr/m/n on input line 22.
LaTeX Font Info:    Overwriting symbol font `letters' in version `normal'
(Font)                  OML/cmm/m/it --> OML/lmm/m/it on input line 23.
LaTeX Font Info:    Overwriting symbol font `symbols' in version `normal'
(Font)                  OMS/cmsy/m/n --> OMS/lmsy/m/n on input line 24.
LaTeX Font Info:    Overwriting symbol font `largesymbols' in version `normal'
(Font)                  OMX/cmex/m/n --> OMX/lmex/m/n on input line 25.
LaTeX Font Info:    Overwriting symbol font `operators' in version `bold'
(Font)                  OT1/cmr/bx/n --> OT1/lmr/bx/n on input line 26.
LaTeX Font Info:    Overwriting symbol font `letters' in version `bold'
(Font)                  OML/cmm/b/it --> OML/lmm/b/it on input line 27.
LaTeX Font Info:    Overwriting symbol font `symbols' in version `bold'
(Font)                  OMS/cmsy/b/n --> OMS/lmsy/b/n on input line 28.
LaTeX Font Info:    Overwriting symbol font `largesymbols' in version `bold'
(Font)                  OMX/cmex/m/n --> OMX/lmex/m/n on input line 29.
LaTeX Font Info:    Overwriting math alphabet `\mathbf' in version `normal'
(Font)                  OT1/cmr/bx/n --> OT1/lmr/bx/n on input line 31.
LaTeX Font Info:    Overwriting math alphabet `\mathsf' in version `normal'
(Font)                  OT1/cmss/m/n --> OT1/lmss/m/n on input line 32.
LaTeX Font Info:    Overwriting math alphabet `\mathit' in version `normal'
(Font)                  OT1/cmr/m/it --> OT1/lmr/m/it on input line 33.
LaTeX Font Info:    Overwriting math alphabet `\mathtt' in version `normal'
(Font)                  OT1/cmtt/m/n --> OT1/lmtt/m/n on input line 34.
LaTeX Font Info:    Overwriting math alphabet `\mathbf' in version `bold'
(Font)                  OT1/cmr/bx/n --> OT1/lmr/bx/n on input line 35.
LaTeX Font Info:    Overwriting math alphabet `\mathsf' in version `bold'
(Font)                  OT1/cmss/bx/n --> OT1/lmss/bx/n on input line 36.
LaTeX Font Info:    Overwriting math alphabet `\mathit' in version `bold'
(Font)                  OT1/cmr/bx/it --> OT1/lmr/bx/it on input line 37.
LaTeX Font Info:    Overwriting math alphabet `\mathtt' in version `bold'
(Font)                  OT1/cmtt/m/n --> OT1/lmtt/m/n on input line 38.
) (C:\Users\BORDERIES\AppData\Local\Programs\MiKTeX\tex/latex/geometry\geometry.sty
Package: geometry 2026/03/07 v6.0 Page Geometry
 (C:\Users\BORDERIES\AppData\Local\Programs\MiKTeX\tex/latex/graphics\keyval.sty
Package: keyval 2022/05/29 v1.15 key=value parser (DPC)
\KV@toks@=\toks20
) (C:\Users\BORDERIES\AppData\Local\Programs\MiKTeX\tex/generic/iftex\ifvtex.sty
Package: ifvtex 2019/10/25 v1.7 ifvtex legacy package. Use iftex instead.
 (C:\Users\BORDERIES\AppData\Local\Programs\MiKTeX\tex/generic/iftex\iftex.sty
Package: iftex 2024/12/12 v1.0g TeX engine tests
))
\Gm@cnth=\count293
\Gm@cntv=\count294
\c@Gm@tempcnt=\count295
\Gm@bindingoffset=\dimen161
\Gm@wd@mp=\dimen162
\Gm@odd@mp=\dimen163
\Gm@even@mp=\dimen164
\Gm@layoutwidth=\dimen165
\Gm@layoutheight=\dimen166
\Gm@layouthoffset=\dimen167
\Gm@layoutvoffset=\dimen168
\Gm@dimlist=\toks21
 (C:\Users\BORDERIES\AppData\Local\Programs\MiKTeX\tex/latex/geometry\geometry.cfg)) (C:\Users\BORDERIES\AppData\Local\Programs\MiKTeX\tex/latex/amsmath\amsmath.sty
Package: amsmath 2025/07/09 v2.17z AMS math features
\@mathmargin=\skip51

For additional information on amsmath, use the `?' option.
(C:\Users\BORDERIES\AppData\Local\Programs\MiKTeX\tex/latex/amsmath\amstext.sty
Package: amstext 2024/11/17 v2.01 AMS text
 (C:\Users\BORDERIES\AppData\Local\Programs\MiKTeX\tex/latex/amsmath\amsgen.sty
File: amsgen.sty 1999/11/30 v2.0 generic functions
\@emptytoks=\toks22
\ex@=\dimen169
)) (C:\Users\BORDERIES\AppData\Local\Programs\MiKTeX\tex/latex/amsmath\amsbsy.sty
Package: amsbsy 1999/11/29 v1.2d Bold Symbols
\pmbraise@=\dimen170
) (C:\Users\BORDERIES\AppData\Local\Programs\MiKTeX\tex/latex/amsmath\amsopn.sty
Package: amsopn 2022/04/08 v2.04 operator names
)
\inf@bad=\count296
LaTeX Info: Redefining \frac on input line 233.
\uproot@=\count297
\leftroot@=\count298
LaTeX Info: Redefining \overline on input line 398.
LaTeX Info: Redefining \colon on input line 409.
\classnum@=\count299
\DOTSCASE@=\count300
LaTeX Info: Redefining \ldots on input line 495.
LaTeX Info: Redefining \dots on input line 498.
LaTeX Info: Redefining \cdots on input line 619.
\Mathstrutbox@=\box53
\strutbox@=\box54
LaTeX Info: Redefining \big on input line 721.
LaTeX Info: Redefining \Big on input line 722.
LaTeX Info: Redefining \bigg on input line 723.
LaTeX Info: Redefining \Bigg on input line 724.
\big@size=\dimen171
LaTeX Font Info:    Redeclaring font encoding OML on input line 742.
LaTeX Font Info:    Redeclaring font encoding OMS on input line 743.
\macc@depth=\count301
LaTeX Info: Redefining \bmod on input line 904.
LaTeX Info: Redefining \pmod on input line 909.
LaTeX Info: Redefining \smash on input line 939.
LaTeX Info: Redefining \relbar on input line 969.
LaTeX Info: Redefining \Relbar on input line 970.
\c@MaxMatrixCols=\count302
\dotsspace@=\muskip17
\c@parentequation=\count303
\dspbrk@lvl=\count304
\tag@help=\toks23
\row@=\count305
\column@=\count306
\maxfields@=\count307
\andhelp@=\toks24
\eqnshift@=\dimen172
\alignsep@=\dimen173
\tagshift@=\dimen174
\tagwidth@=\dimen175
\totwidth@=\dimen176
\lineht@=\dimen177
\@envbody=\toks25
\multlinegap=\skip52
\multlinetaggap=\skip53
\mathdisplay@stack=\toks26
LaTeX Info: Redefining \[ on input line 2950.
LaTeX Info: Redefining \] on input line 2951.
) (C:\Users\BORDERIES\AppData\Local\Programs\MiKTeX\tex/latex/amsfonts\amssymb.sty
Package: amssymb 2013/01/14 v3.01 AMS font symbols
 (C:\Users\BORDERIES\AppData\Local\Programs\MiKTeX\tex/latex/amsfonts\amsfonts.sty
Package: amsfonts 2013/01/14 v3.01 Basic AMSFonts support
\symAMSa=\mathgroup4
\symAMSb=\mathgroup5
LaTeX Font Info:    Redeclaring math symbol \hbar on input line 98.
LaTeX Font Info:    Overwriting math alphabet `\mathfrak' in version `bold'
(Font)                  U/euf/m/n --> U/euf/b/n on input line 106.
)) (C:\Users\BORDERIES\AppData\Local\Programs\MiKTeX\tex/latex/booktabs\booktabs.sty
Package: booktabs 2020/01/12 v1.61803398 Publication quality tables
\heavyrulewidth=\dimen178
\lightrulewidth=\dimen179
\cmidrulewidth=\dimen180
\belowrulesep=\dimen181
\belowbottomsep=\dimen182
\aboverulesep=\dimen183
\abovetopsep=\dimen184
\cmidrulesep=\dimen185
\cmidrulekern=\dimen186
\defaultaddspace=\dimen187
\@cmidla=\count308
\@cmidlb=\count309
\@aboverulesep=\dimen188
\@belowrulesep=\dimen189
\@thisruleclass=\count310
\@lastruleclass=\count311
\@thisrulewidth=\dimen190
) (C:\Users\BORDERIES\AppData\Local\Programs\MiKTeX\tex/latex/tools\array.sty
Package: array 2025/09/25 v2.6n Tabular extension package (FMi)
\col@sep=\dimen191
\ar@mcellbox=\box55
\extrarowheight=\dimen192
\NC@list=\toks27
\extratabsurround=\skip54
\backup@length=\skip55
\ar@cellbox=\box56
) (C:\Users\BORDERIES\AppData\Local\Programs\MiKTeX\tex/latex/graphics\graphicx.sty
Package: graphicx 2024/12/31 v1.2e Enhanced LaTeX Graphics (DPC,SPQR)
 (C:\Users\BORDERIES\AppData\Local\Programs\MiKTeX\tex/latex/graphics\graphics.sty
Package: graphics 2024/08/06 v1.4g Standard LaTeX Graphics (DPC,SPQR)
 (C:\Users\BORDERIES\AppData\Local\Programs\MiKTeX\tex/latex/graphics\trig.sty
Package: trig 2023/12/02 v1.11 sin cos tan (DPC)
) (C:\Users\BORDERIES\AppData\Local\Programs\MiKTeX\tex/latex/graphics-cfg\graphics.cfg
File: graphics.cfg 2016/06/04 v1.11 sample graphics configuration
)
Package graphics Info: Driver file: pdftex.def on input line 106.
 (C:\Users\BORDERIES\AppData\Local\Programs\MiKTeX\tex/latex/graphics-def\pdftex.def
File: pdftex.def 2025/09/29 v1.2d Graphics/color driver for pdftex
))
\Gin@req@height=\dimen193
\Gin@req@width=\dimen194
) (C:\Users\BORDERIES\AppData\Local\Programs\MiKTeX\tex/latex/hyperref\hyperref.sty
Package: hyperref 2026-04-24 v7.01q Hypertext links for LaTeX
 (C:\Users\BORDERIES\AppData\Local\Programs\MiKTeX\tex/latex/kvsetkeys\kvsetkeys.sty
Package: kvsetkeys 2022-10-05 v1.19 Key value parser (HO)
) (C:\Users\BORDERIES\AppData\Local\Programs\MiKTeX\tex/generic/kvdefinekeys\kvdefinekeys.sty
Package: kvdefinekeys 2019-12-19 v1.6 Define keys (HO)
) (C:\Users\BORDERIES\AppData\Local\Programs\MiKTeX\tex/generic/pdfescape\pdfescape.sty
Package: pdfescape 2019/12/09 v1.15 Implements pdfTeX's escape features (HO)
 (C:\Users\BORDERIES\AppData\Local\Programs\MiKTeX\tex/generic/ltxcmds\ltxcmds.sty
Package: ltxcmds 2023-12-04 v1.26 LaTeX kernel commands for general use (HO)
) (C:\Users\BORDERIES\AppData\Local\Programs\MiKTeX\tex/generic/pdftexcmds\pdftexcmds.sty
Package: pdftexcmds 2020-06-27 v0.33 Utility functions of pdfTeX for LuaTeX (HO)
 (C:\Users\BORDERIES\AppData\Local\Programs\MiKTeX\tex/generic/infwarerr\infwarerr.sty
Package: infwarerr 2019/12/03 v1.5 Providing info/warning/error messages (HO)
)
Package pdftexcmds Info: \pdf@primitive is available.
Package pdftexcmds Info: \pdf@ifprimitive is available.
Package pdftexcmds Info: \pdfdraftmode found.
)) (C:\Users\BORDERIES\AppData\Local\Programs\MiKTeX\tex/latex/hycolor\hycolor.sty
Package: hycolor 2020-01-27 v1.10 Color options for hyperref/bookmark (HO)
) (C:\Users\BORDERIES\AppData\Local\Programs\MiKTeX\tex/latex/hyperref\nameref.sty
Package: nameref 2026-01-29 v2.58 Cross-referencing by name of section
 (C:\Users\BORDERIES\AppData\Local\Programs\MiKTeX\tex/latex/refcount\refcount.sty
Package: refcount 2019/12/15 v3.6 Data extraction from label references (HO)
) (C:\Users\BORDERIES\AppData\Local\Programs\MiKTeX\tex/generic/gettitlestring\gettitlestring.sty
Package: gettitlestring 2019/12/15 v1.6 Cleanup title references (HO)
 (C:\Users\BORDERIES\AppData\Local\Programs\MiKTeX\tex/latex/kvoptions\kvoptions.sty
Package: kvoptions 2022-06-15 v3.15 Key value format for package options (HO)
))
\c@section@level=\count312
) (C:\Users\BORDERIES\AppData\Local\Programs\MiKTeX\tex/latex/etoolbox\etoolbox.sty
Package: etoolbox 2025/10/02 v2.5m e-TeX tools for LaTeX (JAW)
\etb@tempcnta=\count313
) (C:\Users\BORDERIES\AppData\Local\Programs\MiKTeX\tex/generic/stringenc\stringenc.sty
Package: stringenc 2019/11/29 v1.12 Convert strings between diff. encodings (HO)
)
\@linkdim=\dimen195
\Hy@linkcounter=\count314
\Hy@pagecounter=\count315
 (C:\Users\BORDERIES\AppData\Local\Programs\MiKTeX\tex/latex/hyperref\pd1enc.def
File: pd1enc.def 2026-04-24 v7.01q Hyperref: PDFDocEncoding definition (HO)
Now handling font encoding PD1 ...
... no UTF-8 mapping file for font encoding PD1
) (C:\Users\BORDERIES\AppData\Local\Programs\MiKTeX\tex/generic/intcalc\intcalc.sty
Package: intcalc 2019/12/15 v1.3 Expandable calculations with integers (HO)
)
\Hy@SavedSpaceFactor=\count316
 (C:\Users\BORDERIES\AppData\Local\Programs\MiKTeX\tex/latex/hyperref\puenc.def
File: puenc.def 2026-04-24 v7.01q Hyperref: PDF Unicode definition (HO)
Now handling font encoding PU ...
... no UTF-8 mapping file for font encoding PU
)
Package hyperref Info: Hyper figures OFF on input line 4199.
Package hyperref Info: Link nesting OFF on input line 4204.
Package hyperref Info: Hyper index ON on input line 4207.
Package hyperref Info: Plain pages OFF on input line 4214.
Package hyperref Info: Backreferencing OFF on input line 4219.
Package hyperref Info: Implicit mode ON; LaTeX internals redefined.
Package hyperref Info: Bookmarks ON on input line 4466.
\c@Hy@tempcnt=\count317
 (C:\Users\BORDERIES\AppData\Local\Programs\MiKTeX\tex/latex/url\url.sty
\Urlmuskip=\muskip18
Package: url 2013/09/16  ver 3.4  Verb mode for urls, etc.
)
LaTeX Info: Redefining \url on input line 4805.
\XeTeXLinkMargin=\dimen196
 (C:\Users\BORDERIES\AppData\Local\Programs\MiKTeX\tex/generic/bitset\bitset.sty
Package: bitset 2019/12/09 v1.3 Handle bit-vector datatype (HO)
 (C:\Users\BORDERIES\AppData\Local\Programs\MiKTeX\tex/generic/bigintcalc\bigintcalc.sty
Package: bigintcalc 2019/12/15 v1.5 Expandable calculations on big integers (HO)
))
\Fld@menulength=\count318
\Field@Width=\dimen197
\Fld@charsize=\dimen198
Package hyperref Info: Hyper figures OFF on input line 6091.
Package hyperref Info: Link nesting OFF on input line 6096.
Package hyperref Info: Hyper index ON on input line 6099.
Package hyperref Info: backreferencing OFF on input line 6106.
Package hyperref Info: Link coloring OFF on input line 6111.
Package hyperref Info: Link coloring with OCG OFF on input line 6116.
Package hyperref Info: PDF/A mode OFF on input line 6121.
\Hy@abspage=\count319
\c@Item=\count320
\c@Hfootnote=\count321
)
Package hyperref Info: Driver (autodetected): hpdftex.
 (C:\Users\BORDERIES\AppData\Local\Programs\MiKTeX\tex/latex/hyperref\hpdftex.def
File: hpdftex.def 2026-04-24 v7.01q Hyperref driver for pdfTeX
\Fld@listcount=\count322
\c@bookmark@seq@number=\count323
 (C:\Users\BORDERIES\AppData\Local\Programs\MiKTeX\tex/latex/rerunfilecheck\rerunfilecheck.sty
Package: rerunfilecheck 2025-06-21 v1.11 Rerun checks for auxiliary files (HO)
 (C:\Users\BORDERIES\AppData\Local\Programs\MiKTeX\tex/generic/uniquecounter\uniquecounter.sty
Package: uniquecounter 2019/12/15 v1.4 Provide unlimited unique counter (HO)
)
Package uniquecounter Info: New unique counter `rerunfilecheck' on input line 284.
)
\Hy@SectionHShift=\skip56
) (C:\Users\BORDERIES\AppData\Local\Programs\MiKTeX\tex/latex/xcolor\xcolor.sty
Package: xcolor 2024/09/29 v3.02 LaTeX color extensions (UK)
 (C:\Users\BORDERIES\AppData\Local\Programs\MiKTeX\tex/latex/graphics-cfg\color.cfg
File: color.cfg 2016/01/02 v1.6 sample color configuration
)
Package xcolor Info: Driver file: pdftex.def on input line 274.
 (C:\Users\BORDERIES\AppData\Local\Programs\MiKTeX\tex/latex/graphics\mathcolor.ltx)
Package xcolor Info: Model `cmy' substituted by `cmy0' on input line 1349.
Package xcolor Info: Model `hsb' substituted by `rgb' on input line 1353.
Package xcolor Info: Model `RGB' extended on input line 1365.
Package xcolor Info: Model `HTML' substituted by `rgb' on input line 1367.
Package xcolor Info: Model `Hsb' substituted by `hsb' on input line 1368.
Package xcolor Info: Model `tHsb' substituted by `hsb' on input line 1369.
Package xcolor Info: Model `HSB' substituted by `hsb' on input line 1370.
Package xcolor Info: Model `Gray' substituted by `gray' on input line 1371.
Package xcolor Info: Model `wave' substituted by `hsb' on input line 1372.
) (C:\Users\BORDERIES\AppData\Local\Programs\MiKTeX\tex/latex/float\float.sty
Package: float 2001/11/08 v1.3d Float enhancements (AL)
\c@float@type=\count324
\float@exts=\toks28
\float@box=\box57
\@float@everytoks=\toks29
\@floatcapt=\box58
)
Package hyperref Info: Option `colorlinks' set `true' on input line 22.
LaTeX Font Info:    Trying to load font information for T1+lmr on input line 33.
 (C:\Users\BORDERIES\AppData\Local\Programs\MiKTeX\tex/latex/lm\t1lmr.fd
File: t1lmr.fd 2015/05/01 v1.6.1 Font defs for Latin Modern
) (C:\Users\BORDERIES\AppData\Local\Programs\MiKTeX\tex/latex/l3backend\l3backend-pdftex.def
File: l3backend-pdftex.def 2026-02-18 L3 backend support: PDF output (pdfTeX)
\l__color_backend_stack_int=\count325
) (main.aux
Package babel Info: 'french' activates 'french' shorthands.
(babel)             Reported on input line 11.
)
\openout1 = `main.aux'.

LaTeX Font Info:    Checking defaults for OML/cmm/m/it on input line 33.
LaTeX Font Info:    ... okay on input line 33.
LaTeX Font Info:    Checking defaults for OMS/cmsy/m/n on input line 33.
LaTeX Font Info:    ... okay on input line 33.
LaTeX Font Info:    Checking defaults for OT1/cmr/m/n on input line 33.
LaTeX Font Info:    ... okay on input line 33.
LaTeX Font Info:    Checking defaults for T1/cmr/m/n on input line 33.
LaTeX Font Info:    ... okay on input line 33.
LaTeX Font Info:    Checking defaults for TS1/cmr/m/n on input line 33.
LaTeX Font Info:    ... okay on input line 33.
LaTeX Font Info:    Checking defaults for OMX/cmex/m/n on input line 33.
LaTeX Font Info:    ... okay on input line 33.
LaTeX Font Info:    Checking defaults for U/cmr/m/n on input line 33.
LaTeX Font Info:    ... okay on input line 33.
LaTeX Font Info:    Checking defaults for PD1/pdf/m/n on input line 33.
LaTeX Font Info:    ... okay on input line 33.
LaTeX Font Info:    Checking defaults for PU/pdf/m/n on input line 33.
LaTeX Font Info:    ... okay on input line 33.
LaTeX Info: Redefining \degres on input line 33.

*geometry* driver: auto-detecting
*geometry* detected driver: pdftex
*geometry* verbose mode - [ preamble ] result:
* driver: pdftex
* paper: a4paper
* layout: <same size as paper>
* layoutoffset:(h,v)=(0.0pt,0.0pt)
* modes: 
* h-part:(L,W,R)=(71.13188pt, 455.24411pt, 71.13188pt)
* v-part:(T,H,B)=(71.13188pt, 702.78308pt, 71.13188pt)
* \paperwidth=597.50787pt
* \paperheight=845.04684pt
* \textwidth=455.24411pt
* \textheight=702.78308pt
* \oddsidemargin=-1.1381pt
* \evensidemargin=-1.1381pt
* \topmargin=-38.1381pt
* \headheight=12.0pt
* \headsep=25.0pt
* \topskip=11.0pt
* \footskip=30.0pt
* \marginparwidth=50.0pt
* \marginparsep=10.0pt
* \columnsep=10.0pt
* \skip\footins=10.0pt plus 4.0pt minus 2.0pt
* \hoffset=0.0pt
* \voffset=0.0pt
* \mag=1000
* \@twocolumnfalse
* \@twosidefalse
* \@mparswitchfalse
* \@reversemarginfalse
* (1in=72.27pt=25.4mm, 1cm=28.453pt)

(C:\Users\BORDERIES\AppData\Local\Programs\MiKTeX\tex/context/base/mkii\supp-pdf.mkii
[Loading MPS to PDF converter (version 2006.09.02).]
\scratchcounter=\count326
\scratchdimen=\dimen199
\scratchbox=\box59
\nofMPsegments=\count327
\nofMParguments=\count328
\everyMPshowfont=\toks30
\MPscratchCnt=\count329
\MPscratchDim=\dimen256
\MPnumerator=\count330
\makeMPintoPDFobject=\count331
\everyMPtoPDFconversion=\toks31
) (C:\Users\BORDERIES\AppData\Local\Programs\MiKTeX\tex/latex/epstopdf-pkg\epstopdf-base.sty
Package: epstopdf-base 2020-01-24 v2.11 Base part for package epstopdf
Package epstopdf-base Info: Redefining graphics rule for `.eps' on input line 485.
 (C:\Users\BORDERIES\AppData\Local\Programs\MiKTeX\tex/latex/00miktex\epstopdf-sys.cfg
File: epstopdf-sys.cfg 2021/03/18 v2.0 Configuration of epstopdf for MiKTeX
))
Package hyperref Info: Link coloring ON on input line 33.
 (main.out) (main.out)
\@outlinefile=\write3
\openout3 = `main.out'.

LaTeX Font Info:    Trying to load font information for OT1+lmr on input line 36.
 (C:\Users\BORDERIES\AppData\Local\Programs\MiKTeX\tex/latex/lm\ot1lmr.fd
File: ot1lmr.fd 2015/05/01 v1.6.1 Font defs for Latin Modern
)
LaTeX Font Info:    Trying to load font information for OML+lmm on input line 36.
 (C:\Users\BORDERIES\AppData\Local\Programs\MiKTeX\tex/latex/lm\omllmm.fd
File: omllmm.fd 2015/05/01 v1.6.1 Font defs for Latin Modern
)
LaTeX Font Info:    Trying to load font information for OMS+lmsy on input line 36.
 (C:\Users\BORDERIES\AppData\Local\Programs\MiKTeX\tex/latex/lm\omslmsy.fd
File: omslmsy.fd 2015/05/01 v1.6.1 Font defs for Latin Modern
)
LaTeX Font Info:    Trying to load font information for OMX+lmex on input line 36.
 (C:\Users\BORDERIES\AppData\Local\Programs\MiKTeX\tex/latex/lm\omxlmex.fd
File: omxlmex.fd 2015/05/01 v1.6.1 Font defs for Latin Modern
)
LaTeX Font Info:    External font `lmex10' loaded for size
(Font)              <12> on input line 36.
LaTeX Font Info:    External font `lmex10' loaded for size
(Font)              <8> on input line 36.
LaTeX Font Info:    External font `lmex10' loaded for size
(Font)              <6> on input line 36.
LaTeX Font Info:    Trying to load font information for U+msa on input line 36.
 (C:\Users\BORDERIES\AppData\Local\Programs\MiKTeX\tex/latex/amsfonts\umsa.fd
File: umsa.fd 2013/01/14 v3.01 AMS symbols A
)
LaTeX Font Info:    Trying to load font information for U+msb on input line 36.
 (C:\Users\BORDERIES\AppData\Local\Programs\MiKTeX\tex/latex/amsfonts\umsb.fd
File: umsb.fd 2013/01/14 v3.01 AMS symbols B
)
LaTeX Font Info:    Trying to load font information for T1+lmtt on input line 44.
 (C:\Users\BORDERIES\AppData\Local\Programs\MiKTeX\tex/latex/lm\t1lmtt.fd
File: t1lmtt.fd 2015/05/01 v1.6.1 Font defs for Latin Modern
) (main.toc
LaTeX Font Info:    External font `lmex10' loaded for size
(Font)              <10.95> on input line 4.
 [1

{C:/Users/BORDERIES/AppData/Local/MiKTeX/fonts/map/pdftex/pdftex.map}{C:/Users/BORDERIES/AppData/Local/Programs/MiKTeX/fonts/enc/dvips/lm/lm-ec.enc}])
\tf@toc=\write4
\openout4 = `main.toc'.

 [2] [3{C:/Users/BORDERIES/AppData/Local/Programs/MiKTeX/fonts/enc/dvips/lm/lm-mathit.enc}{C:/Users/BORDERIES/AppData/Local/Programs/MiKTeX/fonts/enc/dvips/lm/lm-rm.enc}{C:/Users/BORDERIES/AppData/Local/Programs/MiKTeX/fonts/enc/dvips/lm/lm-mathsy.enc}{C:/Users/BORDERIES/AppData/Local/Programs/MiKTeX/fonts/enc/dvips/lm/lm-mathex.enc}] [4] [5] [6] [7]
LaTeX Font Info:    Trying to load font information for U+euf on input line 524.
 (C:\Users\BORDERIES\AppData\Local\Programs\MiKTeX\tex/latex/amsfonts\ueuf.fd
File: ueuf.fd 2013/01/14 v3.01 Euler Fraktur
) [8]
Overfull \hbox (22.76164pt too wide) in paragraph at lines 622--625
\T1/lmr/m/n/10.95 mo-dulo $\OT1/lmr/m/n/10.95 2\OML/lmm/m/it/10.95 ^^Y$\T1/lmr/m/n/10.95 . Cette pro-priete est la base du RAN-SAC cir-cu-laire im-ple-mente dans \T1/lmtt/m/n/10.95 BSS/CircularRansac\T1/lmr/m/n/10.95 . 
 []


Underfull \hbox (badness 10000) in paragraph at lines 629--630

 []

[9]
Underfull \hbox (badness 10000) in paragraph at lines 741--742

 []

<Sawada_no_merging_v3/ransac_train_00.png, id=260, 723.70375pt x 722.7pt>
File: Sawada_no_merging_v3/ransac_train_00.png Graphic file (type png)
<use Sawada_no_merging_v3/ransac_train_00.png>
Package pdftex.def Info: Sawada_no_merging_v3/ransac_train_00.png  used on input line 768.
(pdftex.def)             Requested size: 386.96027pt x 386.42564pt.

Underfull \hbox (badness 10000) in paragraph at lines 773--774

 []

<Sawada_no_merging_v3/plot merge cluster 1.png, id=263, 641.39626pt x 520.94624pt>
File: Sawada_no_merging_v3/plot merge cluster 1.png Graphic file (type png)
<use Sawada_no_merging_v3/plot merge cluster 1.png>
Package pdftex.def Info: Sawada_no_merging_v3/plot merge cluster 1.png  used on input line 785.
(pdftex.def)             Requested size: 218.51521pt x 177.47708pt.
<Sawada_no_merging_v3/plot merge cluster 2.png, id=264, 641.39626pt x 520.94624pt>
File: Sawada_no_merging_v3/plot merge cluster 2.png Graphic file (type png)
<use Sawada_no_merging_v3/plot merge cluster 2.png>
Package pdftex.def Info: Sawada_no_merging_v3/plot merge cluster 2.png  used on input line 792.
(pdftex.def)             Requested size: 218.51521pt x 177.47708pt.
[10] [11
pdfTeX warning (ext4): destination with the same identifier (name{figure.1}) has been already used, duplicate ignored
<argument> ...shipout:D \box_use:N \l_shipout_box 
                                                  \__shipout_drop_firstpage_...
l.818           \]
                  
pdfTeX warning (ext4): destination with the same identifier (name{figure.2}) has been already used, duplicate ignored
<argument> ...shipout:D \box_use:N \l_shipout_box 
                                                  \__shipout_drop_firstpage_...
l.818           \]
                   <./Sawada_no_merging_v3/ransac_train_00.png> <./Sawada_no_merging_v3/plot merge cluster 1.png> <./Sawada_no_merging_v3/plot merge cluster 2.png>] [12]
<Sawada_no_merging_v3/train_sawada_no_merging_v3.png, id=288, 1308.89pt x 1471.4975pt>
File: Sawada_no_merging_v3/train_sawada_no_merging_v3.png Graphic file (type png)
<use Sawada_no_merging_v3/train_sawada_no_merging_v3.png>
Package pdftex.def Info: Sawada_no_merging_v3/train_sawada_no_merging_v3.png  used on input line 968.
(pdftex.def)             Requested size: 432.48051pt x 486.20192pt.
<Sawada_no_merging_v3/train_sawada_no_merging_v3_noised.png, id=289, 1308.89pt x 1471.4975pt>
File: Sawada_no_merging_v3/train_sawada_no_merging_v3_noised.png Graphic file (type png)
<use Sawada_no_merging_v3/train_sawada_no_merging_v3_noised.png>
Package pdftex.def Info: Sawada_no_merging_v3/train_sawada_no_merging_v3_noised.png  used on input line 976.
(pdftex.def)             Requested size: 432.48051pt x 486.20192pt.
<Sawada_no_merging_v3/RANSAC plot centroide avec bruit.png, id=290, 327.2225pt x 289.08pt>
File: Sawada_no_merging_v3/RANSAC plot centroide avec bruit.png Graphic file (type png)
<use Sawada_no_merging_v3/RANSAC plot centroide avec bruit.png>
Package pdftex.def Info: Sawada_no_merging_v3/RANSAC plot centroide avec bruit.png  used on input line 987.
(pdftex.def)             Requested size: 218.51521pt x 193.04298pt.
<Sawada_no_merging_v3/RANSAC plot centroid attrib.png, id=291, 723.70375pt x 722.7pt>
File: Sawada_no_merging_v3/RANSAC plot centroid attrib.png Graphic file (type png)
<use Sawada_no_merging_v3/RANSAC plot centroid attrib.png>
Package pdftex.def Info: Sawada_no_merging_v3/RANSAC plot centroid attrib.png  used on input line 994.
(pdftex.def)             Requested size: 218.51521pt x 218.21216pt.
<Sawada_no_merging_v3/train_sawada_tdoa_correlation_errors.png, id=295, 981.6675pt x 463.331pt>
File: Sawada_no_merging_v3/train_sawada_tdoa_correlation_errors.png Graphic file (type png)
<use Sawada_no_merging_v3/train_sawada_tdoa_correlation_errors.png>
Package pdftex.def Info: Sawada_no_merging_v3/train_sawada_tdoa_correlation_errors.png  used on input line 1020.
(pdftex.def)             Requested size: 432.48051pt x 204.12077pt.
<Sawada_no_merging_v3/train_sawada_tdoa_correlation_errors_noised.png, id=296, 981.6675pt x 463.331pt>
File: Sawada_no_merging_v3/train_sawada_tdoa_correlation_errors_noised.png Graphic file (type png)
<use Sawada_no_merging_v3/train_sawada_tdoa_correlation_errors_noised.png>
Package pdftex.def Info: Sawada_no_merging_v3/train_sawada_tdoa_correlation_errors_noised.png  used on input line 1026.
(pdftex.def)             Requested size: 432.48051pt x 204.12077pt.
 [13] [14
pdfTeX warning (ext4): destination with the same identifier (name{figure.3}) has been already used, duplicate ignored
<argument> ...shipout:D \box_use:N \l_shipout_box 
                                                  \__shipout_drop_firstpage_...
l.1035 \paragraph
                 {Mauvaise estimations des bins ayant du signal quand il y a... <./Sawada_no_merging_v3/train_sawada_no_merging_v3.png>] [15
pdfTeX warning (ext4): destination with the same identifier (name{figure.4}) has been already used, duplicate ignored
<argument> ...shipout:D \box_use:N \l_shipout_box 
                                                  \__shipout_drop_firstpage_...
l.1035 \paragraph
                 {Mauvaise estimations des bins ayant du signal quand il y a... <./Sawada_no_merging_v3/train_sawada_no_merging_v3_noised.png>] [16
pdfTeX warning (ext4): destination with the same identifier (name{figure.5}) has been already used, duplicate ignored
<argument> ...shipout:D \box_use:N \l_shipout_box 
                                                  \__shipout_drop_firstpage_...
l.1035 \paragraph
                 {Mauvaise estimations des bins ayant du signal quand il y a...
pdfTeX warning (ext4): destination with the same identifier (name{figure.6}) has been already used, duplicate ignored
<argument> ...shipout:D \box_use:N \l_shipout_box 
                                                  \__shipout_drop_firstpage_...
l.1035 \paragraph
                 {Mauvaise estimations des bins ayant du signal quand il y a... <./Sawada_no_merging_v3/RANSAC plot centroide avec bruit.png> <./Sawada_no_merging_v3/RANSAC plot centroid attrib.png> <./Sawada_no_merging_v3/train_sawada_tdoa_correlation_errors.png>]
Underfull \hbox (badness 10000) in paragraph at lines 1035--1036

 []

<Sawada_no_merging_v3/energy_bin_complet.png, id=328, 641.39626pt x 300.12125pt>
File: Sawada_no_merging_v3/energy_bin_complet.png Graphic file (type png)
<use Sawada_no_merging_v3/energy_bin_complet.png>
Package pdftex.def Info: Sawada_no_merging_v3/energy_bin_complet.png  used on input line 1049.
(pdftex.def)             Requested size: 218.51521pt x 102.24594pt.
<Sawada_no_merging_v3/energy_bin_noise.png, id=329, 641.39626pt x 300.12125pt>
File: Sawada_no_merging_v3/energy_bin_noise.png Graphic file (type png)
<use Sawada_no_merging_v3/energy_bin_noise.png>
Package pdftex.def Info: Sawada_no_merging_v3/energy_bin_noise.png  used on input line 1056.
(pdftex.def)             Requested size: 218.51521pt x 102.24594pt.
[17
pdfTeX warning (ext4): destination with the same identifier (name{figure.7}) has been already used, duplicate ignored
<argument> ...shipout:D \box_use:N \l_shipout_box 
                                                  \__shipout_drop_firstpage_...
l.1076 
       
pdfTeX warning (ext4): destination with the same identifier (name{figure.8}) has been already used, duplicate ignored
<argument> ...shipout:D \box_use:N \l_shipout_box 
                                                  \__shipout_drop_firstpage_...
l.1076 
        <./Sawada_no_merging_v3/train_sawada_tdoa_correlation_errors_noised.png> <./Sawada_no_merging_v3/energy_bin_complet.png> <./Sawada_no_merging_v3/energy_bin_noise.png>]
<Sawada_no_merging_v3/pts14mel.png, id=344, 588.1975pt x 390.45876pt>
File: Sawada_no_merging_v3/pts14mel.png Graphic file (type png)
<use Sawada_no_merging_v3/pts14mel.png>
Package pdftex.def Info: Sawada_no_merging_v3/pts14mel.png  used on input line 1081.
(pdftex.def)             Requested size: 145.68144pt x 96.70288pt.
<Sawada_no_merging_v3/pts14s1.png, id=345, 588.1975pt x 390.45876pt>
File: Sawada_no_merging_v3/pts14s1.png Graphic file (type png)
<use Sawada_no_merging_v3/pts14s1.png>
Package pdftex.def Info: Sawada_no_merging_v3/pts14s1.png  used on input line 1088.
(pdftex.def)             Requested size: 145.68144pt x 96.70288pt.
<Sawada_no_merging_v3/pts14s2.png, id=346, 588.1975pt x 390.45876pt>
File: Sawada_no_merging_v3/pts14s2.png Graphic file (type png)
<use Sawada_no_merging_v3/pts14s2.png>
Package pdftex.def Info: Sawada_no_merging_v3/pts14s2.png  used on input line 1095.
(pdftex.def)             Requested size: 145.68144pt x 96.70288pt.
<Sawada_no_merging_v3/pts14clusters.png, id=347, 641.39626pt x 520.94624pt>
File: Sawada_no_merging_v3/pts14clusters.png Graphic file (type png)
<use Sawada_no_merging_v3/pts14clusters.png>
Package pdftex.def Info: Sawada_no_merging_v3/pts14clusters.png  used on input line 1107.
(pdftex.def)             Requested size: 218.51521pt x 177.47708pt.
<Sawada_no_merging_v3/pts14cluster_attrib.png, id=348, 641.39626pt x 520.94624pt>
File: Sawada_no_merging_v3/pts14cluster_attrib.png Graphic file (type png)
<use Sawada_no_merging_v3/pts14cluster_attrib.png>
Package pdftex.def Info: Sawada_no_merging_v3/pts14cluster_attrib.png  used on input line 1114.
(pdftex.def)             Requested size: 218.51521pt x 177.47708pt.
<Sawada_no_merging_v3/pts 14 GT.png, id=349, 641.39626pt x 520.94624pt>
File: Sawada_no_merging_v3/pts 14 GT.png Graphic file (type png)
<use Sawada_no_merging_v3/pts 14 GT.png>
Package pdftex.def Info: Sawada_no_merging_v3/pts 14 GT.png  used on input line 1128.
(pdftex.def)             Requested size: 218.51521pt x 177.47708pt.
<Sawada_no_merging_v3/pts 14 RANSAC.png, id=350, 641.39626pt x 721.69624pt>
File: Sawada_no_merging_v3/pts 14 RANSAC.png Graphic file (type png)
<use Sawada_no_merging_v3/pts 14 RANSAC.png>
Package pdftex.def Info: Sawada_no_merging_v3/pts 14 RANSAC.png  used on input line 1135.
(pdftex.def)             Requested size: 218.51521pt x 245.86902pt.
<Results_2026/plan2026.png, id=352, 488.32437pt x 420.57124pt>
File: Results_2026/plan2026.png Graphic file (type png)
<use Results_2026/plan2026.png>
Package pdftex.def Info: Results_2026/plan2026.png  used on input line 1173.
(pdftex.def)             Requested size: 409.71692pt x 352.87314pt.
 [18
pdfTeX warning (ext4): destination with the same identifier (name{figure.9}) has been already used, duplicate ignored
<argument> ...shipout:D \box_use:N \l_shipout_box 
                                                  \__shipout_drop_firstpage_...
l.1176 \end{figure}
                   
pdfTeX warning (ext4): destination with the same identifier (name{figure.10}) has been already used, duplicate ignored
<argument> ...shipout:D \box_use:N \l_shipout_box 
                                                  \__shipout_drop_firstpage_...
l.1176 \end{figure}
                    <./Sawada_no_merging_v3/pts14mel.png> <./Sawada_no_merging_v3/pts14s1.png> <./Sawada_no_merging_v3/pts14s2.png> <./Sawada_no_merging_v3/pts14clusters.png> <./Sawada_no_merging_v3/pts14cluster_attrib.png>] [19
pdfTeX warning (ext4): destination with the same identifier (name{figure.11}) has been already used, duplicate ignored
<argument> ...shipout:D \box_use:N \l_shipout_box 
                                                  \__shipout_drop_firstpage_...
l.1177 
        <./Sawada_no_merging_v3/pts 14 GT.png> <./Sawada_no_merging_v3/pts 14 RANSAC.png>]
Underfull \hbox (badness 10000) in paragraph at lines 1178--1179

 []

<Results_2026/synthese_high_fusion_2D.png, id=374, 200.75pt x 317.68687pt>
File: Results_2026/synthese_high_fusion_2D.png Graphic file (type png)
<use Results_2026/synthese_high_fusion_2D.png>
Package pdftex.def Info: Results_2026/synthese_high_fusion_2D.png  used on input line 1196.
(pdftex.def)             Requested size: 218.51521pt x 345.82584pt.
[20
pdfTeX warning (ext4): destination with the same identifier (name{figure.12}) has been already used, duplicate ignored
<argument> ...shipout:D \box_use:N \l_shipout_box 
                                                  \__shipout_drop_firstpage_...
l.1200 
        <./Results_2026/plan2026.png>]
<Results_2026/direction_p7_HF_2D.png, id=383, 279.0425pt x 283.55937pt>
File: Results_2026/direction_p7_HF_2D.png Graphic file (type png)
<use Results_2026/direction_p7_HF_2D.png>
Package pdftex.def Info: Results_2026/direction_p7_HF_2D.png  used on input line 1205.
(pdftex.def)             Requested size: 218.51521pt x 222.05807pt.
<Results_2026/direction_p11_HF_2D.png, id=384, 275.52937pt x 283.0575pt>
File: Results_2026/direction_p11_HF_2D.png Graphic file (type png)
<use Results_2026/direction_p11_HF_2D.png>
Package pdftex.def Info: Results_2026/direction_p11_HF_2D.png  used on input line 1212.
(pdftex.def)             Requested size: 218.51521pt x 224.49405pt.
<Results_2026/direction_temp_p7_HF_2D.png, id=385, 322.70563pt x 283.55937pt>
File: Results_2026/direction_temp_p7_HF_2D.png Graphic file (type png)
<use Results_2026/direction_temp_p7_HF_2D.png>
Package pdftex.def Info: Results_2026/direction_temp_p7_HF_2D.png  used on input line 1225.
(pdftex.def)             Requested size: 218.51521pt x 192.00871pt.
<Results_2026/direction_temp_p11_HF_2D.png, id=386, 312.16624pt x 285.065pt>
File: Results_2026/direction_temp_p11_HF_2D.png Graphic file (type png)
<use Results_2026/direction_temp_p11_HF_2D.png>
Package pdftex.def Info: Results_2026/direction_temp_p11_HF_2D.png  used on input line 1232.
(pdftex.def)             Requested size: 218.51521pt x 199.54848pt.
 [21
pdfTeX warning (ext4): destination with the same identifier (name{figure.13}) has been already used, duplicate ignored
<argument> ...shipout:D \box_use:N \l_shipout_box 
                                                  \__shipout_drop_firstpage_...
l.1239 
       
pdfTeX warning (ext4): destination with the same identifier (name{figure.14}) has been already used, duplicate ignored
<argument> ...shipout:D \box_use:N \l_shipout_box 
                                                  \__shipout_drop_firstpage_...
l.1239 
        <./Results_2026/synthese_high_fusion_2D.png> <./Results_2026/direction_p7_HF_2D.png> <./Results_2026/direction_p11_HF_2D.png>]
<Results_2026/position_p13_HF_2D.png, id=395, 279.0425pt x 268.00125pt>
File: Results_2026/position_p13_HF_2D.png Graphic file (type png)
<use Results_2026/position_p13_HF_2D.png>
Package pdftex.def Info: Results_2026/position_p13_HF_2D.png  used on input line 1249.
(pdftex.def)             Requested size: 109.26108pt x 104.93716pt.
<Results_2026/position_p13_HF_3D.png, id=396, 265.49188pt x 268.50313pt>
File: Results_2026/position_p13_HF_3D.png Graphic file (type png)
<use Results_2026/position_p13_HF_3D.png>
Package pdftex.def Info: Results_2026/position_p13_HF_3D.png  used on input line 1256.
(pdftex.def)             Requested size: 109.26108pt x 110.50078pt.
<Results_2026/position_p13_LF_useh4F.png, id=397, 278.54062pt x 270.00874pt>
File: Results_2026/position_p13_LF_useh4F.png Graphic file (type png)
<use Results_2026/position_p13_LF_useh4F.png>
Package pdftex.def Info: Results_2026/position_p13_LF_useh4F.png  used on input line 1263.
(pdftex.def)             Requested size: 109.26108pt x 105.91273pt.
<Results_2026/position_p13_LF_useh4T.png, id=398, 279.0425pt x 266.49562pt>
File: Results_2026/position_p13_LF_useh4T.png Graphic file (type png)
<use Results_2026/position_p13_LF_useh4T.png>
Package pdftex.def Info: Results_2026/position_p13_LF_useh4T.png  used on input line 1270.
(pdftex.def)             Requested size: 109.26108pt x 104.34764pt.
<Results_2026/position_p12_HF_2D.png, id=399, 271.0125pt x 268.00125pt>
File: Results_2026/position_p12_HF_2D.png Graphic file (type png)
<use Results_2026/position_p12_HF_2D.png>
Package pdftex.def Info: Results_2026/position_p12_HF_2D.png  used on input line 1282.
(pdftex.def)             Requested size: 109.26108pt x 108.04509pt.
<Results_2026/position_p12_HF_3D.png, id=400, 278.54062pt x 268.50313pt>
File: Results_2026/position_p12_HF_3D.png Graphic file (type png)
<use Results_2026/position_p12_HF_3D.png>
Package pdftex.def Info: Results_2026/position_p12_HF_3D.png  used on input line 1289.
(pdftex.def)             Requested size: 109.26108pt x 105.32214pt.
<Results_2026/position_p12_LF_useh4F.png, id=401, 276.03125pt x 271.0125pt>
File: Results_2026/position_p12_LF_useh4F.png Graphic file (type png)
<use Results_2026/position_p12_LF_useh4F.png>
Package pdftex.def Info: Results_2026/position_p12_LF_useh4F.png  used on input line 1296.
(pdftex.def)             Requested size: 109.26108pt x 107.27412pt.
<Results_2026/position_p12_LF_useh4T.png, id=402, 271.0125pt x 265.49188pt>
File: Results_2026/position_p12_LF_useh4T.png Graphic file (type png)
<use Results_2026/position_p12_LF_useh4T.png>
Package pdftex.def Info: Results_2026/position_p12_LF_useh4T.png  used on input line 1303.
(pdftex.def)             Requested size: 109.26108pt x 107.03343pt.
 [22
pdfTeX warning (ext4): destination with the same identifier (name{figure.15}) has been already used, duplicate ignored
<argument> ...shipout:D \box_use:N \l_shipout_box 
                                                  \__shipout_drop_firstpage_...
l.1322 
       
pdfTeX warning (ext4): destination with the same identifier (name{figure.16}) has been already used, duplicate ignored
<argument> ...shipout:D \box_use:N \l_shipout_box 
                                                  \__shipout_drop_firstpage_...
l.1322 
       
pdfTeX warning (ext4): destination with the same identifier (name{figure.17}) has been already used, duplicate ignored
<argument> ...shipout:D \box_use:N \l_shipout_box 
                                                  \__shipout_drop_firstpage_...
l.1322 
        <./Results_2026/direction_temp_p7_HF_2D.png> <./Results_2026/direction_temp_p11_HF_2D.png> <./Results_2026/position_p13_HF_2D.png> <./Results_2026/position_p13_HF_3D.png> <./Results_2026/position_p13_LF_useh4F.png> <./Results_2026/position_p13_LF_useh4T.png> <./Results_2026/position_p12_HF_2D.png> <./Results_2026/position_p12_HF_3D.png> <./Results_2026/position_p12_LF_useh4F.png> <./Results_2026/position_p12_LF_useh4T.png>]
Overfull \hbox (12.2563pt too wide) in paragraph at lines 1343--1351
[]\T1/lmr/m/n/10.95 Dans l'al-go-rithme de Sa-wada, l'etape M consiste a maxi-mi-ser l'es-pe-rance de la log-vraisemblance
 []

[23] [24] [25] (main.aux)
 ***********
LaTeX2e <2025-11-01>
L3 programming layer <2026-04-28>
 ***********
Package rerunfilecheck Info: File `main.out' has not changed.
(rerunfilecheck)             Checksum: 9729AE6918A9C9FC0C6E175DDF3573A4;8215.
 ) 
Here is how much of TeX's memory you used:
 13572 strings out of 467683
 224065 string characters out of 5412786
 652561 words of memory out of 5000000
 42333 multiletter control sequences out of 15000+600000
 697228 words of font info for 90 fonts, out of 8000000 for 9000
 1141 hyphenation exceptions out of 8191
 75i,9n,79p,562b,716s stack positions out of 10000i,1000n,20000p,200000b,200000s
<C:/Users/BORDERIES/AppData/Local/Programs/MiKTeX/fonts/type1/public/amsfonts/euler/eufm10.pfb><C:/Users/BORDERIES/AppData/Local/Programs/MiKTeX/fonts/type1/public/lm/lmbx10.pfb><C:/Users/BORDERIES/AppData/Local/Programs/MiKTeX/fonts/type1/public/lm/lmbx12.pfb><C:/Users/BORDERIES/AppData/Local/Programs/MiKTeX/fonts/type1/public/lm/lmbx8.pfb><C:/Users/BORDERIES/AppData/Local/Programs/MiKTeX/fonts/type1/public/lm/lmcsc10.pfb><C:/Users/BORDERIES/AppData/Local/Programs/MiKTeX/fonts/type1/public/lm/lmex10.pfb><C:/Users/BORDERIES/AppData/Local/Programs/MiKTeX/fonts/type1/public/lm/lmmi10.pfb><C:/Users/BORDERIES/AppData/Local/Programs/MiKTeX/fonts/type1/public/lm/lmmi6.pfb><C:/Users/BORDERIES/AppData/Local/Programs/MiKTeX/fonts/type1/public/lm/lmmi8.pfb><C:/Users/BORDERIES/AppData/Local/Programs/MiKTeX/fonts/type1/public/lm/lmmib10.pfb><C:/Users/BORDERIES/AppData/Local/Programs/MiKTeX/fonts/type1/public/lm/lmr10.pfb><C:/Users/BORDERIES/AppData/Local/Programs/MiKTeX/fonts/type1/public/lm/lmr12.pfb><C:/Users/BORDERIES/AppData/Local/Programs/MiKTeX/fonts/type1/public/lm/lmr17.pfb><C:/Users/BORDERIES/AppData/Local/Programs/MiKTeX/fonts/type1/public/lm/lmr6.pfb><C:/Users/BORDERIES/AppData/Local/Programs/MiKTeX/fonts/type1/public/lm/lmr8.pfb><C:/Users/BORDERIES/AppData/Local/Programs/MiKTeX/fonts/type1/public/lm/lmri10.pfb><C:/Users/BORDERIES/AppData/Local/Programs/MiKTeX/fonts/type1/public/lm/lmsy10.pfb><C:/Users/BORDERIES/AppData/Local/Programs/MiKTeX/fonts/type1/public/lm/lmsy6.pfb><C:/Users/BORDERIES/AppData/Local/Programs/MiKTeX/fonts/type1/public/lm/lmsy8.pfb><C:/Users/BORDERIES/AppData/Local/Programs/MiKTeX/fonts/type1/public/lm/lmtt10.pfb><C:/Users/BORDERIES/AppData/Local/Programs/MiKTeX/fonts/type1/public/amsfonts/symbols/msbm10.pfb>
Output written on main.pdf (25 pages, 8000592 bytes).
PDF statistics:
 550 PDF objects out of 1000 (max. 8388607)
 94 named destinations out of 1000 (max. 500000)
 465 words of extra memory for PDF output out of 10000 (max. 10000000)

